// Jest Snapshot v1, https://goo.gl/fbAQLP

exports[`<NotFoundPage /> should render and match the snapshot 1`] = `
<div
  class="NotFoundPage__Div-sc-8x6wqx-0 cDYdTE"
>
  <h1>
    <span>
      Sorry we cannot find the page you were looking for
    </span>
  </h1>
</div>
`;
